// Jest Snapshot v1, https://goo.gl/fbAQLP

exports[`Component PasswordForgetForm renders correctly 1`] = `
<div
  className="entry__inner"
>
  <div
    className="entry__header"
  >
    <h2
      className="entry__title text-center"
    >
      Восстановление пароля
    </h2>
  </div>
  <form
    className="entry__box"
  >
    <Field
      component={[Function]}
      id="email"
      name="email"
      placeholder="Ваш email"
    />
    <Component
      prefix="btn"
      styleBtn="primary"
      type="submit"
      wide={true}
    >
      Восстановить пароль
    </Component>
    <ul
      className="entry__link text-center"
    >
      <li
        className="entry-nav__item"
      >
        <Link
          replace={false}
          to="/"
        >
          Вход в кабинет
        </Link>
      </li>
    </ul>
  </form>
</div>
`;
